<?xml version="1.0" encoding="UTF-8"?>
<testsuites name="jest tests" tests="2" failures="0" errors="0" time="1.431">
  <testsuite name="App endpoints" errors="0" failures="0" skipped="0" timestamp="2026-04-08T08:57:44" time="1.225" tests="2">
    <testcase classname="App endpoints GET / returns hello message" name="App endpoints GET / returns hello message" time="0.057">
    </testcase>
    <testcase classname="App endpoints GET /health returns healthy" name="App endpoints GET /health returns healthy" time="0.007">
    </testcase>
  </testsuite>
</testsuites>